#-----------------------------------------------------------
# Vivado v2024.2 (64-bit)
# SW Build 5239630 on Fri Nov 08 22:35:27 MST 2024
# IP Build 5239520 on Sun Nov 10 16:12:51 MST 2024
# SharedData Build 5239561 on Fri Nov 08 14:39:27 MST 2024
# Start of session at: Tue Apr 22 16:52:40 2025
# Process ID         : 22848
# Current directory  : C:/Users/91629/Desktop/risc-v_cpu
# Command line       : vivado.exe -gui_launcher_event rodinguilauncherevent13016 C:\Users\91629\Desktop\risc-v_cpu\cpu_third.xpr
# Log file           : C:/Users/91629/Desktop/risc-v_cpu/vivado.log
# Journal file       : C:/Users/91629/Desktop/risc-v_cpu\vivado.jou
# Running On         : wangzhangzhuo
# Platform           : Windows Server 2016 or Windows 10
# Operating System   : 22631
# Processor Detail   : AMD Ryzen 7 7840H w/Radeon 780M Graphics
# CPU Frequency      : 3793 MHz
# CPU Physical cores : 8
# CPU Logical cores  : 16
# Host memory        : 16334 MB
# Swap memory        : 11811 MB
# Total Virtual      : 28146 MB
# Available Virtual  : 11321 MB
#-----------------------------------------------------------sstart_guioopen_project C:/Users/91629/Desktop/risc-v_cpu/cpu_third.xpr
CRITICAL WARNING: [Project 1-19] Could not find the file 'C:/Users/91629/Desktop/risc-v_cpu/cpu_third.srcs/sources_1/ip/inst_rom/inst_rom.coe'.
CRITICAL WARNING: [Project 1-19] Could not find the file 'C:/Users/91629/Desktop/risc-v_cpu/cpu_third.srcs/sources_1/ip/data_ram/data_ram.coe'.
Scanning sources...
Finished scanning sources
CRITICAL WARNING: [Runs 36-271] Incremental checkpoint part, xc7k70tfbv676-2, does not match run part, xc7a200tfbg676-2.
CRITICAL WARNING: [Runs 36-271] Incremental checkpoint part, xc7k70tfbv676-2, does not match run part, xc7a200tfbg676-2.
INFO: [IP_Flow 19-234] Refreshing IP repositories
INFO: [IP_Flow 19-1704] No user IP repositories specified
INFO: [IP_Flow 19-2313] Loaded Vivado IP repository 'D:/Xilinx/Vivado/2024.2/data/ip'.
WARNING: [IP_Flow 19-2162] IP 'data_ram' is locked:
* Current project part 'xc7a200tfbg676-2' and the part 'xc7k70tfbv676-2' used to customize the IP 'data_ram' do not match.
WARNING: [IP_Flow 19-2162] IP 'inst_rom' is locked:
* Current project part 'xc7a200tfbg676-2' and the part 'xc7k70tfbv676-2' used to customize the IP 'inst_rom' do not match.oopen_project: Time (s): cpu = 00:00:01 ; elapsed = 00:00:05 . Memory (MB): peak = 1210.688 ; gain = 72.832uupdate_compile_order -fileset sources_1launch_simulation
Command: launch_simulation 
INFO: [Vivado 12-12493] Simulation top is 'tb'
WARNING: [Vivado 12-13340] Unable to auto find GCC executables from simulator install path! (path not set)
INFO: [Vivado 12-5698] Checking validity of IPs in the design for the 'XSim' simulator...
INFO: [Vivado 12-5682] Launching behavioral simulation in 'C:/Users/91629/Desktop/risc-v_cpu/cpu_third.sim/sim_1/behav/xsim'
INFO: [Vivado 12-4795] Using compiled simulation libraries for IPs
INFO: [SIM-utils-51] Simulation object is 'sim_1'
INFO: [SIM-utils-72] Using boost library from 'D:/Xilinx/Vivado/2024.2/tps/boost_1_72_0'
INFO: [USF-XSim-7] Finding pre-compiled libraries...
INFO: [USF-XSim-11] File 'D:/Xilinx/Vivado/2024.2/data/xsim/xsim.ini' copied to run dir:'C:/Users/91629/Desktop/risc-v_cpu/cpu_third.sim/sim_1/behav/xsim'
INFO: [SIM-utils-20] The project contains locked or custom IPs. The pre-compiled version of these IPs will not be referenced and the sources from these IP libraries will be compiled locally.
INFO: [SIM-utils-54] Inspecting design source files for 'tb' in fileset 'sim_1'...
WARNING: [SIM-utils-42] Failed to copy file 'C:/Users/91629/Desktop/risc-v_cpu/cpu_third.ip_user_files/mem_init_files/inst_rom.coe' to 'C:/Users/91629/Desktop/risc-v_cpu/cpu_third.sim/sim_1/behav/xsim' : error copying "C:/Users/91629/Desktop/risc-v_cpu/cpu_third.ip_user_files/mem_init_files/inst_rom.coe": no such file or directory
WARNING: [SIM-utils-42] Failed to copy file 'C:/Users/91629/Desktop/risc-v_cpu/cpu_third.ip_user_files/mem_init_files/data_ram.coe' to 'C:/Users/91629/Desktop/risc-v_cpu/cpu_third.sim/sim_1/behav/xsim' : error copying "C:/Users/91629/Desktop/risc-v_cpu/cpu_third.ip_user_files/mem_init_files/data_ram.coe": no such file or directory
INFO: [SIM-utils-43] Exported 'C:/Users/91629/Desktop/risc-v_cpu/cpu_third.sim/sim_1/behav/xsim/test.coe'
INFO: [USF-XSim-97] Finding global include files...
INFO: [USF-XSim-98] Fetching design files from 'sim_1'...
INFO: [USF-XSim-2] XSim::Compile design
INFO: [USF-XSim-61] Executing 'COMPILE and ANALYZE' step in 'C:/Users/91629/Desktop/risc-v_cpu/cpu_third.sim/sim_1/behav/xsim'
"xvlog --incr --relax -prj tb_vlog.prj"
INFO: [VRFC 10-2263] Analyzing Verilog file "C:/Users/91629/Desktop/risc-v_cpu/cpu_third.ip_user_files/ipstatic/simulation/blk_mem_gen_v8_4.v" into library blk_mem_gen_v8_4_9
INFO: [VRFC 10-311] analyzing module STATE_LOGIC_v8_4
INFO: [VRFC 10-311] analyzing module beh_vlog_muxf7_v8_4
INFO: [VRFC 10-311] analyzing module beh_vlog_ff_clr_v8_4
INFO: [VRFC 10-311] analyzing module beh_vlog_ff_pre_v8_4
INFO: [VRFC 10-311] analyzing module beh_vlog_ff_ce_clr_v8_4
INFO: [VRFC 10-311] analyzing module write_netlist_v8_4
INFO: [VRFC 10-311] analyzing module read_netlist_v8_4
INFO: [VRFC 10-311] analyzing module blk_mem_axi_write_wrapper_beh_v8_4
INFO: [VRFC 10-311] analyzing module blk_mem_axi_read_wrapper_beh_v8_4
INFO: [VRFC 10-311] analyzing module blk_mem_axi_regs_fwd_v8_4
INFO: [VRFC 10-311] analyzing module blk_mem_gen_v8_4_9_output_stage
INFO: [VRFC 10-311] analyzing module blk_mem_gen_v8_4_9_softecc_output_reg_stage
INFO: [VRFC 10-311] analyzing module blk_mem_gen_v8_4_9_mem_module
INFO: [VRFC 10-311] analyzing module blk_mem_gen_v8_4_9
INFO: [VRFC 10-2263] Analyzing Verilog file "C:/Users/91629/Desktop/risc-v_cpu/cpu_third.gen/sources_1/ip/data_ram/sim/data_ram.v" into library xil_defaultlib
INFO: [VRFC 10-311] analyzing module data_ram
INFO: [VRFC 10-2263] Analyzing Verilog file "C:/Users/91629/Desktop/risc-v_cpu/cpu_third.gen/sources_1/ip/inst_rom/sim/inst_rom.v" into library xil_defaultlib
INFO: [VRFC 10-311] analyzing module inst_rom
INFO: [VRFC 10-2263] Analyzing Verilog file "C:/Users/91629/Desktop/risc-v_cpu/cpu_third.srcs/sources_1/imports/7_multi_cycle_cpu/adder.v" into library xil_defaultlib
INFO: [VRFC 10-311] analyzing module adder
INFO: [VRFC 10-2263] Analyzing Verilog file "C:/Users/91629/Desktop/risc-v_cpu/cpu_third.srcs/sources_1/imports/7_multi_cycle_cpu/alu.v" into library xil_defaultlib
INFO: [VRFC 10-311] analyzing module alu
INFO: [VRFC 10-2263] Analyzing Verilog file "C:/Users/91629/Desktop/risc-v_cpu/cpu_third.srcs/sources_1/imports/7_multi_cycle_cpu/decode.v" into library xil_defaultlib
INFO: [VRFC 10-311] analyzing module decode
ERROR: [VRFC 10-2989] 'valid_instruction' is not declared [C:/Users/91629/Desktop/risc-v_cpu/cpu_third.srcs/sources_1/imports/7_multi_cycle_cpu/decode.v:132]
ERROR: [VRFC 10-2989] 'flush_pipeline' is not declared [C:/Users/91629/Desktop/risc-v_cpu/cpu_third.srcs/sources_1/imports/7_multi_cycle_cpu/decode.v:177]
ERROR: [VRFC 10-2989] 'flush_pipeline' is not declared [C:/Users/91629/Desktop/risc-v_cpu/cpu_third.srcs/sources_1/imports/7_multi_cycle_cpu/decode.v:190]
ERROR: [VRFC 10-2989] 'alu_control' is not declared [C:/Users/91629/Desktop/risc-v_cpu/cpu_third.srcs/sources_1/imports/7_multi_cycle_cpu/decode.v:193]
ERROR: [VRFC 10-2989] 'alu_operand1' is not declared [C:/Users/91629/Desktop/risc-v_cpu/cpu_third.srcs/sources_1/imports/7_multi_cycle_cpu/decode.v:194]
ERROR: [VRFC 10-2989] 'alu_operand2' is not declared [C:/Users/91629/Desktop/risc-v_cpu/cpu_third.srcs/sources_1/imports/7_multi_cycle_cpu/decode.v:195]
ERROR: [VRFC 10-2989] 'store_data' is not declared [C:/Users/91629/Desktop/risc-v_cpu/cpu_third.srcs/sources_1/imports/7_multi_cycle_cpu/decode.v:197]
ERROR: [VRFC 10-2989] 'rf_wen' is not declared [C:/Users/91629/Desktop/risc-v_cpu/cpu_third.srcs/sources_1/imports/7_multi_cycle_cpu/decode.v:198]
ERROR: [VRFC 10-2989] 'rf_wdest' is not declared [C:/Users/91629/Desktop/risc-v_cpu/cpu_third.srcs/sources_1/imports/7_multi_cycle_cpu/decode.v:199]
ERROR: [VRFC 10-8530] module 'decode' is ignored due to previous errors [C:/Users/91629/Desktop/risc-v_cpu/cpu_third.srcs/sources_1/imports/7_multi_cycle_cpu/decode.v:9]
INFO: [USF-XSim-69] 'compile' step finished in '2' seconds
INFO: [USF-XSim-99] Step results log file:'C:/Users/91629/Desktop/risc-v_cpu/cpu_third.sim/sim_1/behav/xsim/xvlog.log'
ERROR: [USF-XSim-62] 'compile' step failed with error(s). Please check the Tcl console output or 'C:/Users/91629/Desktop/risc-v_cpu/cpu_third.sim/sim_1/behav/xsim/xvlog.log' file for more information.
ERROR: [Vivado 12-4473] Detected error while running simulation. Please correct the issue and retry this operation.
ERROR: [Common 17-39] 'launch_simulation' failed due to earlier errors.
