INFO: [VRFC 10-2263] Analyzing Verilog file "C:/Users/91629/Desktop/risc-v_cpu/cpu_third.ip_user_files/ipstatic/simulation/blk_mem_gen_v8_4.v" into library blk_mem_gen_v8_4_9
INFO: [VRFC 10-311] analyzing module STATE_LOGIC_v8_4
INFO: [VRFC 10-311] analyzing module beh_vlog_muxf7_v8_4
INFO: [VRFC 10-311] analyzing module beh_vlog_ff_clr_v8_4
INFO: [VRFC 10-311] analyzing module beh_vlog_ff_pre_v8_4
INFO: [VRFC 10-311] analyzing module beh_vlog_ff_ce_clr_v8_4
INFO: [VRFC 10-311] analyzing module write_netlist_v8_4
INFO: [VRFC 10-311] analyzing module read_netlist_v8_4
INFO: [VRFC 10-311] analyzing module blk_mem_axi_write_wrapper_beh_v8_4
INFO: [VRFC 10-311] analyzing module blk_mem_axi_read_wrapper_beh_v8_4
INFO: [VRFC 10-311] analyzing module blk_mem_axi_regs_fwd_v8_4
INFO: [VRFC 10-311] analyzing module blk_mem_gen_v8_4_9_output_stage
INFO: [VRFC 10-311] analyzing module blk_mem_gen_v8_4_9_softecc_output_reg_stage
INFO: [VRFC 10-311] analyzing module blk_mem_gen_v8_4_9_mem_module
INFO: [VRFC 10-311] analyzing module blk_mem_gen_v8_4_9
INFO: [VRFC 10-2263] Analyzing Verilog file "C:/Users/91629/Desktop/risc-v_cpu/cpu_third.gen/sources_1/ip/data_ram/sim/data_ram.v" into library xil_defaultlib
INFO: [VRFC 10-311] analyzing module data_ram
INFO: [VRFC 10-2263] Analyzing Verilog file "C:/Users/91629/Desktop/risc-v_cpu/cpu_third.gen/sources_1/ip/inst_rom/sim/inst_rom.v" into library xil_defaultlib
INFO: [VRFC 10-311] analyzing module inst_rom
INFO: [VRFC 10-2263] Analyzing Verilog file "C:/Users/91629/Desktop/risc-v_cpu/cpu_third.srcs/sources_1/imports/7_multi_cycle_cpu/adder.v" into library xil_defaultlib
INFO: [VRFC 10-311] analyzing module adder
INFO: [VRFC 10-2263] Analyzing Verilog file "C:/Users/91629/Desktop/risc-v_cpu/cpu_third.srcs/sources_1/imports/7_multi_cycle_cpu/alu.v" into library xil_defaultlib
INFO: [VRFC 10-311] analyzing module alu
INFO: [VRFC 10-2263] Analyzing Verilog file "C:/Users/91629/Desktop/risc-v_cpu/cpu_third.srcs/sources_1/imports/7_multi_cycle_cpu/decode.v" into library xil_defaultlib
INFO: [VRFC 10-311] analyzing module decode
ERROR: [VRFC 10-2989] 'inst_shf_sa' is not declared [C:/Users/91629/Desktop/risc-v_cpu/cpu_third.srcs/sources_1/imports/7_multi_cycle_cpu/decode.v:185]
ERROR: [VRFC 10-2989] 'inst_imm_zero' is not declared [C:/Users/91629/Desktop/risc-v_cpu/cpu_third.srcs/sources_1/imports/7_multi_cycle_cpu/decode.v:187]
ERROR: [VRFC 10-2989] 'inst_imm_sign' is not declared [C:/Users/91629/Desktop/risc-v_cpu/cpu_third.srcs/sources_1/imports/7_multi_cycle_cpu/decode.v:188]
ERROR: [VRFC 10-2989] 'inst_add' is not declared [C:/Users/91629/Desktop/risc-v_cpu/cpu_third.srcs/sources_1/imports/7_multi_cycle_cpu/decode.v:192]
ERROR: [VRFC 10-2989] 'inst_sub' is not declared [C:/Users/91629/Desktop/risc-v_cpu/cpu_third.srcs/sources_1/imports/7_multi_cycle_cpu/decode.v:193]
ERROR: [VRFC 10-2989] 'inst_slt' is not declared [C:/Users/91629/Desktop/risc-v_cpu/cpu_third.srcs/sources_1/imports/7_multi_cycle_cpu/decode.v:194]
ERROR: [VRFC 10-2989] 'inst_sltu' is not declared [C:/Users/91629/Desktop/risc-v_cpu/cpu_third.srcs/sources_1/imports/7_multi_cycle_cpu/decode.v:195]
ERROR: [VRFC 10-2989] 'inst_and' is not declared [C:/Users/91629/Desktop/risc-v_cpu/cpu_third.srcs/sources_1/imports/7_multi_cycle_cpu/decode.v:196]
ERROR: [VRFC 10-2989] 'inst_nor' is not declared [C:/Users/91629/Desktop/risc-v_cpu/cpu_third.srcs/sources_1/imports/7_multi_cycle_cpu/decode.v:197]
ERROR: [VRFC 10-2989] 'inst_or' is not declared [C:/Users/91629/Desktop/risc-v_cpu/cpu_third.srcs/sources_1/imports/7_multi_cycle_cpu/decode.v:198]
ERROR: [VRFC 10-2989] 'inst_xor' is not declared [C:/Users/91629/Desktop/risc-v_cpu/cpu_third.srcs/sources_1/imports/7_multi_cycle_cpu/decode.v:199]
ERROR: [VRFC 10-2989] 'inst_sll' is not declared [C:/Users/91629/Desktop/risc-v_cpu/cpu_third.srcs/sources_1/imports/7_multi_cycle_cpu/decode.v:200]
ERROR: [VRFC 10-2989] 'inst_srl' is not declared [C:/Users/91629/Desktop/risc-v_cpu/cpu_third.srcs/sources_1/imports/7_multi_cycle_cpu/decode.v:201]
ERROR: [VRFC 10-2989] 'inst_sra' is not declared [C:/Users/91629/Desktop/risc-v_cpu/cpu_third.srcs/sources_1/imports/7_multi_cycle_cpu/decode.v:202]
ERROR: [VRFC 10-2989] 'inst_lui' is not declared [C:/Users/91629/Desktop/risc-v_cpu/cpu_third.srcs/sources_1/imports/7_multi_cycle_cpu/decode.v:203]
ERROR: [VRFC 10-2989] 'inst_load' is not declared [C:/Users/91629/Desktop/risc-v_cpu/cpu_third.srcs/sources_1/imports/7_multi_cycle_cpu/decode.v:209]
ERROR: [VRFC 10-2989] 'inst_imm_zero' is not declared [C:/Users/91629/Desktop/risc-v_cpu/cpu_third.srcs/sources_1/imports/7_multi_cycle_cpu/decode.v:212]
ERROR: [VRFC 10-2989] 'inst_load' is not declared [C:/Users/91629/Desktop/risc-v_cpu/cpu_third.srcs/sources_1/imports/7_multi_cycle_cpu/decode.v:213]
ERROR: [VRFC 10-8530] module 'decode' is ignored due to previous errors [C:/Users/91629/Desktop/risc-v_cpu/cpu_third.srcs/sources_1/imports/7_multi_cycle_cpu/decode.v:9]
